
> frontend@0.1.0 build
> next build

Γû▓ Next.js 16.1.4 (Turbopack)
- Environments: .env.local

  Creating an optimized production build ...
Γ£ô Compiled successfully in 4.6s
  Running TypeScript ...
  Collecting page data using 11 workers ...
  Generating static pages using 11 workers (0/31) ...
  Generating static pages using 11 workers (7/31) 
  Generating static pages using 11 workers (15/31) 
  Generating static pages using 11 workers (23/31) 
Γ£ô Generating static pages using 11 workers (31/31) in 885.2ms
  Finalizing page optimization ...

Route (app)
Γöî Γùï /
Γö£ Γùï /_not-found
Γö£ Γùï /about
Γö£ Γùï /admin
Γö£ Γùï /admin/onboarding
Γö£ ╞Æ /admin/user/[id]
Γö£ Γùï /code-of-conduct
Γö£ Γùï /companions
Γö£ ╞Æ /companions/[id]
Γö£ Γùï /contact
Γö£ Γùï /dispute-policy
Γö£ Γùï /fellow-training-manual
Γö£ Γùï /forgot-password
Γö£ Γùï /handshake
Γö£ Γùï /how-it-works
Γö£ Γùï /login
Γö£ Γùï /my-bookings
Γö£ Γùï /onboarding
Γö£ Γùï /payment-terms
Γö£ Γùï /privacy-policy
Γö£ Γùï /profile
Γö£ Γùï /refund-policy
Γö£ Γùï /reset-password
Γö£ ╞Æ /session/[id]
Γö£ Γùï /session/end
Γö£ Γùï /super-admin
Γö£ ╞Æ /super-admin/admin/[id]
Γö£ Γùï /super-admin/admins
Γö£ Γùï /super-admin/all-users
Γö£ Γùï /super-admin/deleted-accounts
Γö£ Γùï /super-admin/users
Γö£ Γùï /terms-of-service
Γöö Γùï /verify-email


Γùï  (Static)   prerendered as static content
╞Æ  (Dynamic)  server-rendered on demand

